ability rules: 0 by id, 6 by name
wiki db: 24 abilities
tds+ attached: pid=14312 base=0x7ff71ebc0000 window=0x1f30122
scanning state stream regions...

3 stream regions (600.8 MB)

F6 = toggle auto-ability | F7 = debug slots | END = exit

ability slots: 5 | end-screen: hidden "YOU LOST"

  slot[F] id=4594880289 "Commander/Call to Arms" (chain)

  slot[B] id=17512145719 "Commander/Support Caravan" (spam)

  slot[H] id=132111474124053 "DJ Booth/Drop the Beat" (spam)

  slot[J] id=231100685 "Medic/Ubercharge" (spam)

  slot[K] id=17190989424 (spam)

phase: in match
[on]
fired ability [F] Commander/Call to Arms | t=18.066s
chain confirmed Commander/Call to Arms, buff until +10s
manual fire adopted Commander/Call to Arms, buff until +10s
fired ability [F] Commander/Call to Arms | t=38.018s
chain unconfirmed Commander/Call to Arms, holding buff window
manual fire adopted Commander/Call to Arms, buff until +10s
fired ability [F] Commander/Call to Arms | t=51.800s
[off]
chain confirmed Commander/Call to Arms, buff until +10s
tds+ stopped

