-- Could NOT find WrapVulkanHeaders (missing: Vulkan_INCLUDE_DIR) 
-- Could NOT find WrapVulkanHeaders (missing: Vulkan_INCLUDE_DIR) 
shaders/ambient.frag -> ambient.frag.qsb exposed as :/shaders/ambient.frag.qsb
shaders/ambient.frag -> ambient.frag.qsb exposed as :/shaders/ambient.frag.qsb
-- Configuring done (3.0s)
-- Generating done (0.3s)
-- Build files have been written to: C:/Users/Noesis/Desktop/www/tds_plus/.qt-build
[1/11] Automatic MOC for target tds_plus_ui_test
[2/10] Automatic MOC for target tds_plus_qt
[3/9] Running rcc for resource test_ui_resources
[4/9] Running rcc for resource ui_resources
[5/9] Building CXX object CMakeFiles\tds_plus_ui_test.dir\.qt\rcc\qrc_test_ui_resources.cpp.obj
[6/9] Building CXX object CMakeFiles\tds_plus_qt.dir\.qt\rcc\qrc_ui_resources.cpp.obj
[7/9] Linking CXX executable tds_plus_qt.exe
[8/9] Building CXX object CMakeFiles\tds_plus_ui_test.dir\qt\main.cpp.obj
[9/9] Linking CXX executable tds_plus_ui_test.exe
Warning: Translations will not be available due to the following error.
Cannot open C:/Users/Noesis/Desktop/www/.deps/Qt/6.10.3/msvc2022_64/translations/catalogs.json
Warning: Cannot find any version of the dxcompiler.dll and dxil.dll.
Ready: C:\Users\Noesis\Desktop\www\tds_plus\qt_app\tds_plus_qt.exe
