[0/1] Re-running CMake...
-- Could NOT find WrapVulkanHeaders (missing: Vulkan_INCLUDE_DIR) 
-- Could NOT find WrapVulkanHeaders (missing: Vulkan_INCLUDE_DIR) 
shaders/ambient.frag -> ambient.frag.qsb exposed as :/shaders/ambient.frag.qsb
shaders/ambient.frag -> ambient.frag.qsb exposed as :/shaders/ambient.frag.qsb
-- Configuring done (3.3s)
-- Generating done (0.3s)
-- Build files have been written to: C:/Users/Noesis/Desktop/www/tds_plus/.qt-build
[1/15] Running qmlimportscanner for tds_plus_ui_test
[2/15] Running qmlimportscanner for tds_plus_qt
[3/15] Automatic MOC for target tds_plus_qt
[4/14] Automatic MOC for target tds_plus_ui_test
[5/13] Running rcc for resource ui_resources
[6/13] Running rcc for resource test_ui_resources
[7/13] Building CXX object CMakeFiles\tds_plus_ui_test.dir\.qt\rcc\qrc_test_ui_resources.cpp.obj
[8/13] Building CXX object CMakeFiles\tds_plus_qt.dir\.qt\rcc\qrc_ui_resources.cpp.obj
[9/13] Building CXX object CMakeFiles\tds_plus_qt.dir\qt\main.cpp.obj
[10/13] Linking CXX executable tds_plus_qt.exe
[11/13] Building CXX object CMakeFiles\tds_plus_ui_test.dir\qt\main.cpp.obj
[12/13] Linking CXX executable tds_plus_ui_test.exe
