-- Could NOT find WrapVulkanHeaders (missing: Vulkan_INCLUDE_DIR) 
-- Could NOT find WrapVulkanHeaders (missing: Vulkan_INCLUDE_DIR) 
-- Configuring done (3.5s)
-- Generating done (0.3s)
-- Build files have been written to: C:/Users/Noesis/Desktop/www/tds_plus/.qt-build
[1/8] Automatic MOC for target tds_plus_qt
[2/7] Automatic MOC for target tds_plus_ui_test
[3/6] Building CXX object CMakeFiles\tds_plus_qt.dir\tds_plus.cpp.obj
Примечание: включение файла:  C:\Program Files (x86)\Windows Kits\10\\include\10.0.26100.0\\um\winsock2.h
Примечание: включение файла:   C:\Program Files (x86)\Windows Kits\10\\include\10.0.26100.0\\shared\winapifamily.h
Примечание: включение файла:    C:\Program Files (x86)\Windows Kits\10\\include\10.0.26100.0\\shared\winpackagefamily.h
Примечание: включение файла:   C:\Program Files (x86)\Windows Kits\10\\include\10.0.26100.0\\um\windows.h
Примечание: включение файла:    C:\Program Files (x86)\Windows Kits\10\\include\10.0.26100.0\\shared\sdkddkver.h
Примечание: включение файла:    C:\Program Files (x86)\Microsoft Visual Studio\18\BuildTools\VC\Tools\MSVC\14.50.35717\include\excpt.h
Примечание: включение файла:     C:\Program Files (x86)\Microsoft Visual Studio\18\BuildTools\VC\Tools\MSVC\14.50.35717\include\vcruntime.h
Примечание: включение файла:      C:\Program Files (x86)\Microsoft Visual Studio\18\BuildTools\VC\Tools\MSVC\14.50.35717\include\sal.h
Примечание: включение файла:       C:\Program Files (x86)\Microsoft Visual Studio\18\BuildTools\VC\Tools\MSVC\14.50.35717\include\concurrencysal.h
Примечание: включение файла:      C:\Program Files (x86)\Microsoft Visual Studio\18\BuildTools\VC\Tools\MSVC\14.50.35717\include\vadefs.h
Примечание: включение файла:    C:\Program Files (x86)\Microsoft Visual Studio\18\BuildTools\VC\Tools\MSVC\14.50.35717\include\stdarg.h
Примечание: включение файла:    C:\Program Files (x86)\Windows Kits\10\\include\10.0.26100.0\\shared\windef.h
Примечание: включение файла:     C:\Program Files (x86)\Windows Kits\10\\include\10.0.26100.0\\shared\minwindef.h
Примечание: включение файла:      C:\Program Files (x86)\Windows Kits\10\\include\10.0.26100.0\\shared\specstrings.h
Примечание: включение файла:       C:\Program Files (x86)\Windows Kits\10\\include\10.0.26100.0\\shared\specstrings_strict.h
Примечание: включение файла:        C:\Program Files (x86)\Windows Kits\10\\include\10.0.26100.0\\shared\specstrings_undef.h
Примечание: включение файла:       C:\Program Files (x86)\Windows Kits\10\\include\10.0.26100.0\\shared\driverspecs.h
Примечание: включение файла:        C:\Program Files (x86)\Windows Kits\10\include\10.0.26100.0\shared\sdv_driverspecs.h
Примечание: включение файла:      C:\Program Files (x86)\Windows Kits\10\\include\10.0.26100.0\\um\winnt.h
Примечание: включение файла:       C:\Program Files (x86)\Windows Kits\10\include\10.0.26100.0\ucrt\ctype.h
Примечание: включение файла:        C:\Program Files (x86)\Windows Kits\10\include\10.0.26100.0\ucrt\corecrt.h
Примечание: включение файла:        C:\Program Files (x86)\Windows Kits\10\include\10.0.26100.0\ucrt\corecrt_wctype.h
Примечание: включение файла:       C:\Program Files (x86)\Windows Kits\10\\include\10.0.26100.0\\shared\kernelspecs.h
Примечание: включение файла:       C:\Program Files (x86)\Windows Kits\10\\include\10.0.26100.0\\shared\basetsd.h
Примечание: включение файла:       C:\Program Files (x86)\Windows Kits\10\\include\10.0.26100.0\\shared\guiddef.h
Примечание: включение файла:        C:\Program Files (x86)\Windows Kits\10\include\10.0.26100.0\ucrt\string.h
Примечание: включение файла:         C:\Program Files (x86)\Windows Kits\10\include\10.0.26100.0\ucrt\corecrt_memory.h
Примечание: включение файла:          C:\Program Files (x86)\Windows Kits\10\include\10.0.26100.0\ucrt\corecrt_memcpy_s.h
Примечание: включение файла:           C:\Program Files (x86)\Windows Kits\10\include\10.0.26100.0\ucrt\errno.h
Примечание: включение файла:           C:\Program Files (x86)\Microsoft Visual Studio\18\BuildTools\VC\Tools\MSVC\14.50.35717\include\vcruntime_string.h
Примечание: включение файла:         C:\Program Files (x86)\Windows Kits\10\include\10.0.26100.0\ucrt\corecrt_wstring.h
Примечание: включение файла:       C:\Program Files (x86)\Windows Kits\10\include\10.0.26100.0\shared\pshpack4.h
Примечание: включение файла:       C:\Program Files (x86)\Windows Kits\10\include\10.0.26100.0\shared\poppack.h
Примечание: включение файла:       C:\Program Files (x86)\Windows Kits\10\\include\10.0.26100.0\\shared\pshpack4.h
Примечание: включение файла:       C:\Program Files (x86)\Windows Kits\10\\include\10.0.26100.0\\shared\poppack.h
Примечание: включение файла:       C:\Program Files (x86)\Windows Kits\10\include\10.0.26100.0\shared\pshpack4.h
Примечание: включение файла:       C:\Program Files (x86)\Windows Kits\10\include\10.0.26100.0\shared\pshpack2.h
Примечание: включение файла:       C:\Program Files (x86)\Windows Kits\10\include\10.0.26100.0\shared\poppack.h
Примечание: включение файла:       C:\Program Files (x86)\Windows Kits\10\include\10.0.26100.0\shared\pshpack2.h
Примечание: включение файла:       C:\Program Files (x86)\Windows Kits\10\\include\10.0.26100.0\\shared\pshpack2.h
Примечание: включение файла:       C:\Program Files (x86)\Windows Kits\10\\include\10.0.26100.0\\shared\poppack.h
Примечание: включение файла:       C:\Program Files (x86)\Windows Kits\10\include\10.0.26100.0\shared\poppack.h
Примечание: включение файла:       C:\Program Files (x86)\Windows Kits\10\include\10.0.26100.0\shared\pshpack8.h
Примечание: включение файла:       C:\Program Files (x86)\Windows Kits\10\include\10.0.26100.0\shared\poppack.h
Примечание: включение файла:       C:\Program Files (x86)\Windows Kits\10\include\10.0.26100.0\shared\pshpack1.h
Примечание: включение файла:       C:\Program Files (x86)\Windows Kits\10\include\10.0.26100.0\shared\poppack.h
Примечание: включение файла:       C:\Program Files (x86)\Windows Kits\10\include\10.0.26100.0\shared\pshpack1.h
Примечание: включение файла:       C:\Program Files (x86)\Windows Kits\10\include\10.0.26100.0\shared\poppack.h
Примечание: включение файла:       C:\Program Files (x86)\Windows Kits\10\include\10.0.26100.0\shared\poppack.h
Примечание: включение файла:       C:\Program Files (x86)\Windows Kits\10\\include\10.0.26100.0\\shared\apiset.h
Примечание: включение файла:       C:\Program Files (x86)\Windows Kits\10\\include\10.0.26100.0\\shared\ktmtypes.h
Примечание: включение файла:    C:\Program Files (x86)\Windows Kits\10\\include\10.0.26100.0\\um\winbase.h
Примечание: включение файла:     C:\Program Files (x86)\Windows Kits\10\\include\10.0.26100.0\\shared\apisetcconv.h
Примечание: включение файла:     C:\Program Files (x86)\Windows Kits\10\\include\10.0.26100.0\\um\minwinbase.h
Примечание: включение файла:     C:\Program Files (x86)\Windows Kits\10\\include\10.0.26100.0\\um\apiquery2.h
Примечание: включение файла:     C:\Program Files (x86)\Windows Kits\10\\include\10.0.26100.0\\um\processenv.h
Примечание: включение файла:     C:\Program Files (x86)\Windows Kits\10\\include\10.0.26100.0\\um\fileapifromapp.h
Примечание: включение файла:      C:\Program Files (x86)\Windows Kits\10\\include\10.0.26100.0\\um\fileapi.h
Примечание: включение файла:     C:\Program Files (x86)\Windows Kits\10\\include\10.0.26100.0\\um\debugapi.h
Примечание: включение файла:     C:\Program Files (x86)\Windows Kits\10\\include\10.0.26100.0\\um\utilapiset.h
Примечание: включение файла:     C:\Program Files (x86)\Windows Kits\10\\include\10.0.26100.0\\um\handleapi.h
Примечание: включение файла:     C:\Program Files (x86)\Windows Kits\10\\include\10.0.26100.0\\um\errhandlingapi.h
Примечание: включение файла:     C:\Program Files (x86)\Windows Kits\10\\include\10.0.26100.0\\um\fibersapi.h
Примечание: включение файла:     C:\Program Files (x86)\Windows Kits\10\\include\10.0.26100.0\\um\namedpipeapi.h
Примечание: включение файла:     C:\Program Files (x86)\Windows Kits\10\\include\10.0.26100.0\\um\profileapi.h
Примечание: включение файла:     C:\Program Files (x86)\Windows Kits\10\\include\10.0.26100.0\\um\heapapi.h
Примечание: включение файла:     C:\Program Files (x86)\Windows Kits\10\\include\10.0.26100.0\\um\ioapiset.h
Примечание: включение файла:     C:\Program Files (x86)\Windows Kits\10\\include\10.0.26100.0\\um\synchapi.h
Примечание: включение файла:     C:\Program Files (x86)\Windows Kits\10\\include\10.0.26100.0\\um\interlockedapi.h
Примечание: включение файла:     C:\Program Files (x86)\Windows Kits\10\\include\10.0.26100.0\\um\processthreadsapi.h
Примечание: включение файла:     C:\Program Files (x86)\Windows Kits\10\\include\10.0.26100.0\\um\sysinfoapi.h
Примечание: включение файла:     C:\Program Files (x86)\Windows Kits\10\\include\10.0.26100.0\\um\memoryapi.h
Примечание: включение файла:     C:\Program Files (x86)\Windows Kits\10\\include\10.0.26100.0\\um\enclaveapi.h
Примечание: включение файла:     C:\Program Files (x86)\Windows Kits\10\\include\10.0.26100.0\\um\threadpoollegacyapiset.h
Примечание: включение файла:     C:\Program Files (x86)\Windows Kits\10\\include\10.0.26100.0\\um\threadpoolapiset.h
Примечание: включение файла:     C:\Program Files (x86)\Windows Kits\10\\include\10.0.26100.0\\um\jobapi.h
Примечание: включение файла:     C:\Program Files (x86)\Windows Kits\10\\include\10.0.26100.0\\um\jobapi2.h
Примечание: включение файла:     C:\Program Files (x86)\Windows Kits\10\\include\10.0.26100.0\\um\wow64apiset.h
Примечание: включение файла:     C:\Program Files (x86)\Windows Kits\10\\include\10.0.26100.0\\um\libloaderapi.h
Примечание: включение файла:     C:\Program Files (x86)\Windows Kits\10\\include\10.0.26100.0\\um\securitybaseapi.h
Примечание: включение файла:     C:\Program Files (x86)\Windows Kits\10\\include\10.0.26100.0\\um\namespaceapi.h
Примечание: включение файла:     C:\Program Files (x86)\Windows Kits\10\\include\10.0.26100.0\\um\systemtopologyapi.h
Примечание: включение файла:     C:\Program Files (x86)\Windows Kits\10\\include\10.0.26100.0\\um\processtopologyapi.h
Примечание: включение файла:     C:\Program Files (x86)\Windows Kits\10\\include\10.0.26100.0\\um\securityappcontainer.h
Примечание: включение файла:     C:\Program Files (x86)\Windows Kits\10\\include\10.0.26100.0\\um\realtimeapiset.h
Примечание: включение файла:     C:\Program Files (x86)\Windows Kits\10\\include\10.0.26100.0\\shared\winerror.h
Примечание: включение файла:     C:\Program Files (x86)\Windows Kits\10\\include\10.0.26100.0\\um\timezoneapi.h
Примечание: включение файла:    C:\Program Files (x86)\Windows Kits\10\\include\10.0.26100.0\\um\wingdi.h
Примечание: включение файла:     C:\Program Files (x86)\Windows Kits\10\\include\10.0.26100.0\\shared\pshpack1.h
Примечание: включение файла:     C:\Program Files (x86)\Windows Kits\10\\include\10.0.26100.0\\shared\poppack.h
Примечание: включение файла:     C:\Program Files (x86)\Windows Kits\10\\include\10.0.26100.0\\shared\pshpack2.h
Примечание: включение файла:     C:\Program Files (x86)\Windows Kits\10\\include\10.0.26100.0\\shared\poppack.h
Примечание: включение файла:     C:\Program Files (x86)\Windows Kits\10\\include\10.0.26100.0\\shared\pshpack2.h
Примечание: включение файла:     C:\Program Files (x86)\Windows Kits\10\\include\10.0.26100.0\\shared\poppack.h
Примечание: включение файла:     C:\Program Files (x86)\Windows Kits\10\\include\10.0.26100.0\\shared\pshpack4.h
Примечание: включение файла:     C:\Program Files (x86)\Windows Kits\10\\include\10.0.26100.0\\shared\poppack.h
Примечание: включение файла:     C:\Program Files (x86)\Windows Kits\10\\include\10.0.26100.0\\shared\pshpack4.h
Примечание: включение файла:     C:\Program Files (x86)\Windows Kits\10\\include\10.0.26100.0\\shared\poppack.h
Примечание: включение файла:    C:\Program Files (x86)\Windows Kits\10\\include\10.0.26100.0\\um\winuser.h
Примечание: включение файла:     C:\Program Files (x86)\Windows Kits\10\\include\10.0.26100.0\\shared\pshpack2.h
Примечание: включение файла:     C:\Program Files (x86)\Windows Kits\10\\include\10.0.26100.0\\shared\poppack.h
Примечание: включение файла:     C:\Program Files (x86)\Windows Kits\10\\include\10.0.26100.0\\shared\tvout.h
Примечание: включение файла:    C:\Program Files (x86)\Windows Kits\10\\include\10.0.26100.0\\um\winnls.h
Примечание: включение файла:     C:\Program Files (x86)\Windows Kits\10\\include\10.0.26100.0\\um\datetimeapi.h
Примечание: включение файла:     C:\Program Files (x86)\Windows Kits\10\\include\10.0.26100.0\\um\stringapiset.h
Примечание: включение файла:      C:\Program Files (x86)\Windows Kits\10\\include\10.0.26100.0\\um\winnls.h
Примечание: включение файла:    C:\Program Files (x86)\Windows Kits\10\\include\10.0.26100.0\\um\wincon.h
Примечание: включение файла:     C:\Program Files (x86)\Windows Kits\10\\include\10.0.26100.0\\um\wincontypes.h
Примечание: включение файла:     C:\Program Files (x86)\Windows Kits\10\\include\10.0.26100.0\\um\consoleapi.h
Примечание: включение файла:     C:\Program Files (x86)\Windows Kits\10\\include\10.0.26100.0\\um\consoleapi2.h
Примечание: включение файла:     C:\Program Files (x86)\Windows Kits\10\\include\10.0.26100.0\\um\consoleapi3.h
Примечание: включение файла:    C:\Program Files (x86)\Windows Kits\10\\include\10.0.26100.0\\um\winver.h
Примечание: включение файла:     C:\Program Files (x86)\Windows Kits\10\\include\10.0.26100.0\\um\verrsrc.h
Примечание: включение файла:    C:\Program Files (x86)\Windows Kits\10\\include\10.0.26100.0\\um\winreg.h
Примечание: включение файла:     C:\Program Files (x86)\Windows Kits\10\\include\10.0.26100.0\\um\reason.h
Примечание: включение файла:    C:\Program Files (x86)\Windows Kits\10\\include\10.0.26100.0\\um\winnetwk.h
Примечание: включение файла:     C:\Program Files (x86)\Windows Kits\10\\include\10.0.26100.0\\shared\wnnc.h
Примечание: включение файла:    C:\Program Files (x86)\Windows Kits\10\\include\10.0.26100.0\\shared\stralign.h
Примечание: включение файла:    C:\Program Files (x86)\Windows Kits\10\\include\10.0.26100.0\\um\winsvc.h
Примечание: включение файла:    C:\Program Files (x86)\Windows Kits\10\\include\10.0.26100.0\\um\mcx.h
Примечание: включение файла:    C:\Program Files (x86)\Windows Kits\10\\include\10.0.26100.0\\um\imm.h
Примечание: включение файла:     C:\Program Files (x86)\Windows Kits\10\\include\10.0.26100.0\\um\ime_cmodes.h
Примечание: включение файла:   C:\Program Files (x86)\Windows Kits\10\\include\10.0.26100.0\\shared\ws2def.h
Примечание: включение файла:    C:\Program Files (x86)\Windows Kits\10\\include\10.0.26100.0\\shared\inaddr.h
Примечание: включение файла:   C:\Program Files (x86)\Windows Kits\10\\include\10.0.26100.0\\shared\qos.h
Примечание: включение файла:  C:\Program Files (x86)\Windows Kits\10\\include\10.0.26100.0\\um\ws2tcpip.h
Примечание: включение файла:   C:\Program Files (x86)\Windows Kits\10\\include\10.0.26100.0\\shared\ws2ipdef.h
Примечание: включение файла:    C:\Program Files (x86)\Windows Kits\10\\include\10.0.26100.0\\shared\in6addr.h
Примечание: включение файла:   C:\Program Files (x86)\Microsoft Visual Studio\18\BuildTools\VC\Tools\MSVC\14.50.35717\include\limits.h
Примечание: включение файла:  C:\Program Files (x86)\Windows Kits\10\\include\10.0.26100.0\\um\psapi.h
Примечание: включение файла:  C:\Program Files (x86)\Microsoft Visual Studio\18\BuildTools\VC\Tools\MSVC\14.50.35717\include\chrono
Примечание: включение файла:   C:\Program Files (x86)\Microsoft Visual Studio\18\BuildTools\VC\Tools\MSVC\14.50.35717\include\yvals_core.h
Примечание: включение файла:    C:\Program Files (x86)\Microsoft Visual Studio\18\BuildTools\VC\Tools\MSVC\14.50.35717\include\xkeycheck.h
Примечание: включение файла:   C:\Program Files (x86)\Microsoft Visual Studio\18\BuildTools\VC\Tools\MSVC\14.50.35717\include\__msvc_chrono.hpp
Примечание: включение файла:    C:\Program Files (x86)\Microsoft Visual Studio\18\BuildTools\VC\Tools\MSVC\14.50.35717\include\yvals.h
Примечание: включение файла:     C:\Program Files (x86)\Windows Kits\10\include\10.0.26100.0\ucrt\crtdbg.h
Примечание: включение файла:      C:\Program Files (x86)\Microsoft Visual Studio\18\BuildTools\VC\Tools\MSVC\14.50.35717\include\vcruntime_new_debug.h
Примечание: включение файла:       C:\Program Files (x86)\Microsoft Visual Studio\18\BuildTools\VC\Tools\MSVC\14.50.35717\include\vcruntime_new.h
Примечание: включение файла:     C:\Program Files (x86)\Microsoft Visual Studio\18\BuildTools\VC\Tools\MSVC\14.50.35717\include\crtdefs.h
Примечание: включение файла:     C:\Program Files (x86)\Microsoft Visual Studio\18\BuildTools\VC\Tools\MSVC\14.50.35717\include\use_ansi.h
Примечание: включение файла:    C:\Program Files (x86)\Microsoft Visual Studio\18\BuildTools\VC\Tools\MSVC\14.50.35717\include\ctime
Примечание: включение файла:     C:\Program Files (x86)\Windows Kits\10\include\10.0.26100.0\ucrt\time.h
Примечание: включение файла:      C:\Program Files (x86)\Windows Kits\10\include\10.0.26100.0\ucrt\corecrt_wtime.h
Примечание: включение файла:    C:\Program Files (x86)\Microsoft Visual Studio\18\BuildTools\VC\Tools\MSVC\14.50.35717\include\limits
Примечание: включение файла:     C:\Program Files (x86)\Microsoft Visual Studio\18\BuildTools\VC\Tools\MSVC\14.50.35717\include\cfloat
Примечание: включение файла:      C:\Program Files (x86)\Windows Kits\10\include\10.0.26100.0\ucrt\float.h
Примечание: включение файла:     C:\Program Files (x86)\Microsoft Visual Studio\18\BuildTools\VC\Tools\MSVC\14.50.35717\include\climits
Примечание: включение файла:     C:\Program Files (x86)\Microsoft Visual Studio\18\BuildTools\VC\Tools\MSVC\14.50.35717\include\cwchar
Примечание: включение файла:      C:\Program Files (x86)\Microsoft Visual Studio\18\BuildTools\VC\Tools\MSVC\14.50.35717\include\cstdio
Примечание: включение файла:       C:\Program Files (x86)\Windows Kits\10\include\10.0.26100.0\ucrt\stdio.h
Примечание: включение файла:        C:\Program Files (x86)\Windows Kits\10\include\10.0.26100.0\ucrt\corecrt_wstdio.h
Примечание: включение файла:         C:\Program Files (x86)\Windows Kits\10\include\10.0.26100.0\ucrt\corecrt_stdio_config.h
Примечание: включение файла:      C:\Program Files (x86)\Windows Kits\10\include\10.0.26100.0\ucrt\wchar.h
Примечание: включение файла:       C:\Program Files (x86)\Windows Kits\10\include\10.0.26100.0\ucrt\corecrt_wconio.h
Примечание: включение файла:       C:\Program Files (x86)\Windows Kits\10\include\10.0.26100.0\ucrt\corecrt_wdirect.h
Примечание: включение файла:       C:\Program Files (x86)\Windows Kits\10\include\10.0.26100.0\ucrt\corecrt_wio.h
Примечание: включение файла:        C:\Program Files (x86)\Windows Kits\10\include\10.0.26100.0\ucrt\corecrt_share.h
Примечание: включение файла:       C:\Program Files (x86)\Windows Kits\10\include\10.0.26100.0\ucrt\corecrt_wprocess.h
Примечание: включение файла:       C:\Program Files (x86)\Windows Kits\10\include\10.0.26100.0\ucrt\corecrt_wstdlib.h
Примечание: включение файла:       C:\Program Files (x86)\Windows Kits\10\include\10.0.26100.0\ucrt\sys/stat.h
Примечание: включение файла:        C:\Program Files (x86)\Windows Kits\10\include\10.0.26100.0\ucrt\sys/types.h
Примечание: включение файла:       C:\Program Files (x86)\Microsoft Visual Studio\18\BuildTools\VC\Tools\MSVC\14.50.35717\include\intrin.h
Примечание: включение файла:        C:\Program Files (x86)\Microsoft Visual Studio\18\BuildTools\VC\Tools\MSVC\14.50.35717\include\intrin0.inl.h
Примечание: включение файла:        C:\Program Files (x86)\Microsoft Visual Studio\18\BuildTools\VC\Tools\MSVC\14.50.35717\include\setjmp.h
Примечание: включение файла:        C:\Program Files (x86)\Microsoft Visual Studio\18\BuildTools\VC\Tools\MSVC\14.50.35717\include\immintrin.h
Примечание: включение файла:         C:\Program Files (x86)\Microsoft Visual Studio\18\BuildTools\VC\Tools\MSVC\14.50.35717\include\wmmintrin.h
Примечание: включение файла:          C:\Program Files (x86)\Microsoft Visual Studio\18\BuildTools\VC\Tools\MSVC\14.50.35717\include\nmmintrin.h
Примечание: включение файла:           C:\Program Files (x86)\Microsoft Visual Studio\18\BuildTools\VC\Tools\MSVC\14.50.35717\include\smmintrin.h
Примечание: включение файла:            C:\Program Files (x86)\Microsoft Visual Studio\18\BuildTools\VC\Tools\MSVC\14.50.35717\include\tmmintrin.h
Примечание: включение файла:             C:\Program Files (x86)\Microsoft Visual Studio\18\BuildTools\VC\Tools\MSVC\14.50.35717\include\pmmintrin.h
Примечание: включение файла:              C:\Program Files (x86)\Microsoft Visual Studio\18\BuildTools\VC\Tools\MSVC\14.50.35717\include\emmintrin.h
Примечание: включение файла:               C:\Program Files (x86)\Microsoft Visual Studio\18\BuildTools\VC\Tools\MSVC\14.50.35717\include\xmmintrin.h
Примечание: включение файла:                C:\Program Files (x86)\Microsoft Visual Studio\18\BuildTools\VC\Tools\MSVC\14.50.35717\include\mmintrin.h
Примечание: включение файла:                C:\Program Files (x86)\Windows Kits\10\include\10.0.26100.0\ucrt\malloc.h
Примечание: включение файла:                 C:\Program Files (x86)\Windows Kits\10\include\10.0.26100.0\ucrt\corecrt_malloc.h
Примечание: включение файла:         C:\Program Files (x86)\Microsoft Visual Studio\18\BuildTools\VC\Tools\MSVC\14.50.35717\include\zmmintrin.h
Примечание: включение файла:        C:\Program Files (x86)\Microsoft Visual Studio\18\BuildTools\VC\Tools\MSVC\14.50.35717\include\ammintrin.h
Примечание: включение файла:     C:\Program Files (x86)\Microsoft Visual Studio\18\BuildTools\VC\Tools\MSVC\14.50.35717\include\xtr1common
Примечание: включение файла:     C:\Program Files (x86)\Microsoft Visual Studio\18\BuildTools\VC\Tools\MSVC\14.50.35717\include\intrin0.h
Примечание: включение файла:    C:\Program Files (x86)\Microsoft Visual Studio\18\BuildTools\VC\Tools\MSVC\14.50.35717\include\ratio
Примечание: включение файла:     C:\Program Files (x86)\Microsoft Visual Studio\18\BuildTools\VC\Tools\MSVC\14.50.35717\include\cstdint
Примечание: включение файла:      C:\Program Files (x86)\Microsoft Visual Studio\18\BuildTools\VC\Tools\MSVC\14.50.35717\include\stdint.h
Примечание: включение файла:     C:\Program Files (x86)\Microsoft Visual Studio\18\BuildTools\VC\Tools\MSVC\14.50.35717\include\type_traits
Примечание: включение файла:      C:\Program Files (x86)\Microsoft Visual Studio\18\BuildTools\VC\Tools\MSVC\14.50.35717\include\cstddef
Примечание: включение файла:       C:\Program Files (x86)\Windows Kits\10\include\10.0.26100.0\ucrt\stddef.h
Примечание: включение файла:    C:\Program Files (x86)\Microsoft Visual Studio\18\BuildTools\VC\Tools\MSVC\14.50.35717\include\utility
Примечание: включение файла:     C:\Program Files (x86)\Microsoft Visual Studio\18\BuildTools\VC\Tools\MSVC\14.50.35717\include\initializer_list
Примечание: включение файла:    C:\Program Files (x86)\Microsoft Visual Studio\18\BuildTools\VC\Tools\MSVC\14.50.35717\include\xtimec.h
Примечание: включение файла:   C:\Program Files (x86)\Microsoft Visual Studio\18\BuildTools\VC\Tools\MSVC\14.50.35717\include\system_error
Примечание: включение файла:    C:\Program Files (x86)\Microsoft Visual Studio\18\BuildTools\VC\Tools\MSVC\14.50.35717\include\__msvc_system_error_abi.hpp
Примечание: включение файла:    C:\Program Files (x86)\Microsoft Visual Studio\18\BuildTools\VC\Tools\MSVC\14.50.35717\include\cerrno
Примечание: включение файла:    C:\Program Files (x86)\Microsoft Visual Studio\18\BuildTools\VC\Tools\MSVC\14.50.35717\include\cstdlib
Примечание: включение файла:     C:\Program Files (x86)\Windows Kits\10\include\10.0.26100.0\ucrt\math.h
Примечание: включение файла:      C:\Program Files (x86)\Windows Kits\10\include\10.0.26100.0\ucrt\corecrt_math.h
Примечание: включение файла:     C:\Program Files (x86)\Windows Kits\10\include\10.0.26100.0\ucrt\stdlib.h
Примечание: включение файла:      C:\Program Files (x86)\Windows Kits\10\include\10.0.26100.0\ucrt\corecrt_search.h
Примечание: включение файла:    C:\Program Files (x86)\Microsoft Visual Studio\18\BuildTools\VC\Tools\MSVC\14.50.35717\include\stdexcept
Примечание: включение файла:     C:\Program Files (x86)\Microsoft Visual Studio\18\BuildTools\VC\Tools\MSVC\14.50.35717\include\exception
Примечание: включение файла:      C:\Program Files (x86)\Microsoft Visual Studio\18\BuildTools\VC\Tools\MSVC\14.50.35717\include\vcruntime_exception.h
Примечание: включение файла:       C:\Program Files (x86)\Microsoft Visual Studio\18\BuildTools\VC\Tools\MSVC\14.50.35717\include\eh.h
Примечание: включение файла:        C:\Program Files (x86)\Windows Kits\10\include\10.0.26100.0\ucrt\corecrt_terminate.h
Примечание: включение файла:     C:\Program Files (x86)\Microsoft Visual Studio\18\BuildTools\VC\Tools\MSVC\14.50.35717\include\xstring
Примечание: включение файла:      C:\Program Files (x86)\Microsoft Visual Studio\18\BuildTools\VC\Tools\MSVC\14.50.35717\include\__msvc_sanitizer_annotate_container.hpp
Примечание: включение файла:      C:\Program Files (x86)\Microsoft Visual Studio\18\BuildTools\VC\Tools\MSVC\14.50.35717\include\__msvc_string_view.hpp
Примечание: включение файла:       C:\Program Files (x86)\Microsoft Visual Studio\18\BuildTools\VC\Tools\MSVC\14.50.35717\include\iosfwd
Примечание: включение файла:        C:\Program Files (x86)\Microsoft Visual Studio\18\BuildTools\VC\Tools\MSVC\14.50.35717\include\cstring
Примечание: включение файла:       C:\Program Files (x86)\Microsoft Visual Studio\18\BuildTools\VC\Tools\MSVC\14.50.35717\include\xutility
Примечание: включение файла:        C:\Program Files (x86)\Microsoft Visual Studio\18\BuildTools\VC\Tools\MSVC\14.50.35717\include\__msvc_iter_core.hpp
Примечание: включение файла:      C:\Program Files (x86)\Microsoft Visual Studio\18\BuildTools\VC\Tools\MSVC\14.50.35717\include\xmemory
Примечание: включение файла:       C:\Program Files (x86)\Microsoft Visual Studio\18\BuildTools\VC\Tools\MSVC\14.50.35717\include\new
Примечание: включение файла:       C:\Program Files (x86)\Microsoft Visual Studio\18\BuildTools\VC\Tools\MSVC\14.50.35717\include\xatomic.h
Примечание: включение файла:      C:\Program Files (x86)\Microsoft Visual Studio\18\BuildTools\VC\Tools\MSVC\14.50.35717\include\xpolymorphic_allocator.h
Примечание: включение файла:       C:\Program Files (x86)\Microsoft Visual Studio\18\BuildTools\VC\Tools\MSVC\14.50.35717\include\tuple
Примечание: включение файла:    C:\Program Files (x86)\Microsoft Visual Studio\18\BuildTools\VC\Tools\MSVC\14.50.35717\include\xcall_once.h
Примечание: включение файла:    C:\Program Files (x86)\Microsoft Visual Studio\18\BuildTools\VC\Tools\MSVC\14.50.35717\include\xerrc.h
Примечание: включение файла:    C:\Program Files (x86)\Microsoft Visual Studio\18\BuildTools\VC\Tools\MSVC\14.50.35717\include\atomic
Примечание: включение файла:     C:\Program Files (x86)\Microsoft Visual Studio\18\BuildTools\VC\Tools\MSVC\14.50.35717\include\xthreads.h
Примечание: включение файла:      C:\Program Files (x86)\Microsoft Visual Studio\18\BuildTools\VC\Tools\MSVC\14.50.35717\include\__msvc_threads_core.hpp
Примечание: включение файла:   C:\Program Files (x86)\Microsoft Visual Studio\18\BuildTools\VC\Tools\MSVC\14.50.35717\include\xfilesystem_abi.h
Примечание: включение файла:  C:\Program Files (x86)\Microsoft Visual Studio\18\BuildTools\VC\Tools\MSVC\14.50.35717\include\algorithm
Примечание: включение файла:   C:\Program Files (x86)\Microsoft Visual Studio\18\BuildTools\VC\Tools\MSVC\14.50.35717\include\__msvc_heap_algorithms.hpp
Примечание: включение файла:   C:\Program Files (x86)\Microsoft Visual Studio\18\BuildTools\VC\Tools\MSVC\14.50.35717\include\__msvc_minmax.hpp
Примечание: включение файла:  C:\Program Files (x86)\Microsoft Visual Studio\18\BuildTools\VC\Tools\MSVC\14.50.35717\include\cstdarg
Примечание: включение файла:  C:\Program Files (x86)\Microsoft Visual Studio\18\BuildTools\VC\Tools\MSVC\14.50.35717\include\fstream
Примечание: включение файла:   C:\Program Files (x86)\Microsoft Visual Studio\18\BuildTools\VC\Tools\MSVC\14.50.35717\include\__msvc_filebuf.hpp
Примечание: включение файла:    C:\Program Files (x86)\Microsoft Visual Studio\18\BuildTools\VC\Tools\MSVC\14.50.35717\include\streambuf
Примечание: включение файла:     C:\Program Files (x86)\Microsoft Visual Studio\18\BuildTools\VC\Tools\MSVC\14.50.35717\include\xiosbase
Примечание: включение файла:      C:\Program Files (x86)\Windows Kits\10\include\10.0.26100.0\ucrt\share.h
Примечание: включение файла:      C:\Program Files (x86)\Microsoft Visual Studio\18\BuildTools\VC\Tools\MSVC\14.50.35717\include\xlocale
Примечание: включение файла:       C:\Program Files (x86)\Microsoft Visual Studio\18\BuildTools\VC\Tools\MSVC\14.50.35717\include\memory
Примечание: включение файла:        C:\Program Files (x86)\Microsoft Visual Studio\18\BuildTools\VC\Tools\MSVC\14.50.35717\include\typeinfo
Примечание: включение файла:         C:\Program Files (x86)\Microsoft Visual Studio\18\BuildTools\VC\Tools\MSVC\14.50.35717\include\vcruntime_typeinfo.h
Примечание: включение файла:       C:\Program Files (x86)\Microsoft Visual Studio\18\BuildTools\VC\Tools\MSVC\14.50.35717\include\xfacet
Примечание: включение файла:       C:\Program Files (x86)\Microsoft Visual Studio\18\BuildTools\VC\Tools\MSVC\14.50.35717\include\xlocinfo
Примечание: включение файла:        C:\Program Files (x86)\Microsoft Visual Studio\18\BuildTools\VC\Tools\MSVC\14.50.35717\include\__msvc_xlocinfo_types.hpp
Примечание: включение файла:        C:\Program Files (x86)\Microsoft Visual Studio\18\BuildTools\VC\Tools\MSVC\14.50.35717\include\cctype
Примечание: включение файла:        C:\Program Files (x86)\Microsoft Visual Studio\18\BuildTools\VC\Tools\MSVC\14.50.35717\include\clocale
Примечание: включение файла:         C:\Program Files (x86)\Windows Kits\10\include\10.0.26100.0\ucrt\locale.h
Примечание: включение файла:   C:\Program Files (x86)\Microsoft Visual Studio\18\BuildTools\VC\Tools\MSVC\14.50.35717\include\istream
Примечание: включение файла:    C:\Program Files (x86)\Microsoft Visual Studio\18\BuildTools\VC\Tools\MSVC\14.50.35717\include\__msvc_ostream.hpp
Примечание: включение файла:     C:\Program Files (x86)\Microsoft Visual Studio\18\BuildTools\VC\Tools\MSVC\14.50.35717\include\ios
Примечание: включение файла:      C:\Program Files (x86)\Microsoft Visual Studio\18\BuildTools\VC\Tools\MSVC\14.50.35717\include\xlocnum
Примечание: включение файла:       C:\Program Files (x86)\Microsoft Visual Studio\18\BuildTools\VC\Tools\MSVC\14.50.35717\include\cmath
Примечание: включение файла:       C:\Program Files (x86)\Microsoft Visual Studio\18\BuildTools\VC\Tools\MSVC\14.50.35717\include\iterator
Примечание: включение файла:  C:\Program Files (x86)\Microsoft Visual Studio\18\BuildTools\VC\Tools\MSVC\14.50.35717\include\mutex
Примечание: включение файла:   C:\Program Files (x86)\Microsoft Visual Studio\18\BuildTools\VC\Tools\MSVC\14.50.35717\include\thread
Примечание: включение файла:    C:\Program Files (x86)\Windows Kits\10\include\10.0.26100.0\ucrt\process.h
Примечание: включение файла:     C:\Program Files (x86)\Windows Kits\10\include\10.0.26100.0\ucrt\corecrt_startup.h
Примечание: включение файла:      C:\Program Files (x86)\Windows Kits\10\include\10.0.26100.0\ucrt\math.h
Примечание: включение файла:      C:\Program Files (x86)\Microsoft Visual Studio\18\BuildTools\VC\Tools\MSVC\14.50.35717\include\vcruntime_startup.h
Примечание: включение файла:  C:\Program Files (x86)\Microsoft Visual Studio\18\BuildTools\VC\Tools\MSVC\14.50.35717\include\string
Примечание: включение файла:  C:\Program Files (x86)\Microsoft Visual Studio\18\BuildTools\VC\Tools\MSVC\14.50.35717\include\unordered_map
Примечание: включение файла:   C:\Program Files (x86)\Microsoft Visual Studio\18\BuildTools\VC\Tools\MSVC\14.50.35717\include\xhash
Примечание: включение файла:    C:\Program Files (x86)\Microsoft Visual Studio\18\BuildTools\VC\Tools\MSVC\14.50.35717\include\list
Примечание: включение файла:    C:\Program Files (x86)\Microsoft Visual Studio\18\BuildTools\VC\Tools\MSVC\14.50.35717\include\vector
Примечание: включение файла:     C:\Program Files (x86)\Microsoft Visual Studio\18\BuildTools\VC\Tools\MSVC\14.50.35717\include\__msvc_bit_utils.hpp
Примечание: включение файла:    C:\Program Files (x86)\Microsoft Visual Studio\18\BuildTools\VC\Tools\MSVC\14.50.35717\include\xbit_ops.h
Примечание: включение файла:    C:\Program Files (x86)\Microsoft Visual Studio\18\BuildTools\VC\Tools\MSVC\14.50.35717\include\xnode_handle.h
Примечание: включение файла:  C:\Users\Noesis\Desktop\www\tds_plus\backend_api.hpp
C:\Users\Noesis\Desktop\www\tds_plus\tds_plus.cpp(406): warning C4244: =: преобразование "int" в "_Elem", возможна потеря данных
        with
        [
            _Elem=char
        ]
C:\Users\Noesis\Desktop\www\tds_plus\tds_plus.cpp(450): warning C4244: =: преобразование "int" в "_Elem", возможна потеря данных
        with
        [
            _Elem=char
        ]
C:\Users\Noesis\Desktop\www\tds_plus\tds_plus.cpp(463): warning C4244: =: преобразование "int" в "_Elem", возможна потеря данных
        with
        [
            _Elem=char
        ]
C:\Users\Noesis\Desktop\www\tds_plus\tds_plus.cpp(502): warning C4244: =: преобразование "int" в "_Elem", возможна потеря данных
        with
        [
            _Elem=char
        ]
C:\Users\Noesis\Desktop\www\tds_plus\tds_plus.cpp(914): warning C4456: объявление "it" скрывает предыдущее локальное объявление
C:\Users\Noesis\Desktop\www\tds_plus\tds_plus.cpp(912): note:  см. объявление "it"
C:\Users\Noesis\Desktop\www\tds_plus\tds_plus.cpp(1000): warning C4456: объявление "it" скрывает предыдущее локальное объявление
C:\Users\Noesis\Desktop\www\tds_plus\tds_plus.cpp(992): note:  см. объявление "it"
[4/6] Building CXX object CMakeFiles\tds_plus_ui_test.dir\tds_plus.cpp.obj
Примечание: включение файла:  C:\Program Files (x86)\Windows Kits\10\\include\10.0.26100.0\\um\winsock2.h
Примечание: включение файла:   C:\Program Files (x86)\Windows Kits\10\\include\10.0.26100.0\\shared\winapifamily.h
Примечание: включение файла:    C:\Program Files (x86)\Windows Kits\10\\include\10.0.26100.0\\shared\winpackagefamily.h
Примечание: включение файла:   C:\Program Files (x86)\Windows Kits\10\\include\10.0.26100.0\\um\windows.h
Примечание: включение файла:    C:\Program Files (x86)\Windows Kits\10\\include\10.0.26100.0\\shared\sdkddkver.h
Примечание: включение файла:    C:\Program Files (x86)\Microsoft Visual Studio\18\BuildTools\VC\Tools\MSVC\14.50.35717\include\excpt.h
Примечание: включение файла:     C:\Program Files (x86)\Microsoft Visual Studio\18\BuildTools\VC\Tools\MSVC\14.50.35717\include\vcruntime.h
Примечание: включение файла:      C:\Program Files (x86)\Microsoft Visual Studio\18\BuildTools\VC\Tools\MSVC\14.50.35717\include\sal.h
Примечание: включение файла:       C:\Program Files (x86)\Microsoft Visual Studio\18\BuildTools\VC\Tools\MSVC\14.50.35717\include\concurrencysal.h
Примечание: включение файла:      C:\Program Files (x86)\Microsoft Visual Studio\18\BuildTools\VC\Tools\MSVC\14.50.35717\include\vadefs.h
Примечание: включение файла:    C:\Program Files (x86)\Microsoft Visual Studio\18\BuildTools\VC\Tools\MSVC\14.50.35717\include\stdarg.h
Примечание: включение файла:    C:\Program Files (x86)\Windows Kits\10\\include\10.0.26100.0\\shared\windef.h
Примечание: включение файла:     C:\Program Files (x86)\Windows Kits\10\\include\10.0.26100.0\\shared\minwindef.h
Примечание: включение файла:      C:\Program Files (x86)\Windows Kits\10\\include\10.0.26100.0\\shared\specstrings.h
Примечание: включение файла:       C:\Program Files (x86)\Windows Kits\10\\include\10.0.26100.0\\shared\specstrings_strict.h
Примечание: включение файла:        C:\Program Files (x86)\Windows Kits\10\\include\10.0.26100.0\\shared\specstrings_undef.h
Примечание: включение файла:       C:\Program Files (x86)\Windows Kits\10\\include\10.0.26100.0\\shared\driverspecs.h
Примечание: включение файла:        C:\Program Files (x86)\Windows Kits\10\include\10.0.26100.0\shared\sdv_driverspecs.h
Примечание: включение файла:      C:\Program Files (x86)\Windows Kits\10\\include\10.0.26100.0\\um\winnt.h
Примечание: включение файла:       C:\Program Files (x86)\Windows Kits\10\include\10.0.26100.0\ucrt\ctype.h
Примечание: включение файла:        C:\Program Files (x86)\Windows Kits\10\include\10.0.26100.0\ucrt\corecrt.h
Примечание: включение файла:        C:\Program Files (x86)\Windows Kits\10\include\10.0.26100.0\ucrt\corecrt_wctype.h
Примечание: включение файла:       C:\Program Files (x86)\Windows Kits\10\\include\10.0.26100.0\\shared\kernelspecs.h
Примечание: включение файла:       C:\Program Files (x86)\Windows Kits\10\\include\10.0.26100.0\\shared\basetsd.h
Примечание: включение файла:       C:\Program Files (x86)\Windows Kits\10\\include\10.0.26100.0\\shared\guiddef.h
Примечание: включение файла:        C:\Program Files (x86)\Windows Kits\10\include\10.0.26100.0\ucrt\string.h
Примечание: включение файла:         C:\Program Files (x86)\Windows Kits\10\include\10.0.26100.0\ucrt\corecrt_memory.h
Примечание: включение файла:          C:\Program Files (x86)\Windows Kits\10\include\10.0.26100.0\ucrt\corecrt_memcpy_s.h
Примечание: включение файла:           C:\Program Files (x86)\Windows Kits\10\include\10.0.26100.0\ucrt\errno.h
Примечание: включение файла:           C:\Program Files (x86)\Microsoft Visual Studio\18\BuildTools\VC\Tools\MSVC\14.50.35717\include\vcruntime_string.h
Примечание: включение файла:         C:\Program Files (x86)\Windows Kits\10\include\10.0.26100.0\ucrt\corecrt_wstring.h
Примечание: включение файла:       C:\Program Files (x86)\Windows Kits\10\include\10.0.26100.0\shared\pshpack4.h
Примечание: включение файла:       C:\Program Files (x86)\Windows Kits\10\include\10.0.26100.0\shared\poppack.h
Примечание: включение файла:       C:\Program Files (x86)\Windows Kits\10\\include\10.0.26100.0\\shared\pshpack4.h
Примечание: включение файла:       C:\Program Files (x86)\Windows Kits\10\\include\10.0.26100.0\\shared\poppack.h
Примечание: включение файла:       C:\Program Files (x86)\Windows Kits\10\include\10.0.26100.0\shared\pshpack4.h
Примечание: включение файла:       C:\Program Files (x86)\Windows Kits\10\include\10.0.26100.0\shared\pshpack2.h
Примечание: включение файла:       C:\Program Files (x86)\Windows Kits\10\include\10.0.26100.0\shared\poppack.h
Примечание: включение файла:       C:\Program Files (x86)\Windows Kits\10\include\10.0.26100.0\shared\pshpack2.h
Примечание: включение файла:       C:\Program Files (x86)\Windows Kits\10\\include\10.0.26100.0\\shared\pshpack2.h
Примечание: включение файла:       C:\Program Files (x86)\Windows Kits\10\\include\10.0.26100.0\\shared\poppack.h
Примечание: включение файла:       C:\Program Files (x86)\Windows Kits\10\include\10.0.26100.0\shared\poppack.h
Примечание: включение файла:       C:\Program Files (x86)\Windows Kits\10\include\10.0.26100.0\shared\pshpack8.h
Примечание: включение файла:       C:\Program Files (x86)\Windows Kits\10\include\10.0.26100.0\shared\poppack.h
Примечание: включение файла:       C:\Program Files (x86)\Windows Kits\10\include\10.0.26100.0\shared\pshpack1.h
Примечание: включение файла:       C:\Program Files (x86)\Windows Kits\10\include\10.0.26100.0\shared\poppack.h
Примечание: включение файла:       C:\Program Files (x86)\Windows Kits\10\include\10.0.26100.0\shared\pshpack1.h
Примечание: включение файла:       C:\Program Files (x86)\Windows Kits\10\include\10.0.26100.0\shared\poppack.h
Примечание: включение файла:       C:\Program Files (x86)\Windows Kits\10\include\10.0.26100.0\shared\poppack.h
Примечание: включение файла:       C:\Program Files (x86)\Windows Kits\10\\include\10.0.26100.0\\shared\apiset.h
Примечание: включение файла:       C:\Program Files (x86)\Windows Kits\10\\include\10.0.26100.0\\shared\ktmtypes.h
Примечание: включение файла:    C:\Program Files (x86)\Windows Kits\10\\include\10.0.26100.0\\um\winbase.h
Примечание: включение файла:     C:\Program Files (x86)\Windows Kits\10\\include\10.0.26100.0\\shared\apisetcconv.h
Примечание: включение файла:     C:\Program Files (x86)\Windows Kits\10\\include\10.0.26100.0\\um\minwinbase.h
Примечание: включение файла:     C:\Program Files (x86)\Windows Kits\10\\include\10.0.26100.0\\um\apiquery2.h
Примечание: включение файла:     C:\Program Files (x86)\Windows Kits\10\\include\10.0.26100.0\\um\processenv.h
Примечание: включение файла:     C:\Program Files (x86)\Windows Kits\10\\include\10.0.26100.0\\um\fileapifromapp.h
Примечание: включение файла:      C:\Program Files (x86)\Windows Kits\10\\include\10.0.26100.0\\um\fileapi.h
Примечание: включение файла:     C:\Program Files (x86)\Windows Kits\10\\include\10.0.26100.0\\um\debugapi.h
Примечание: включение файла:     C:\Program Files (x86)\Windows Kits\10\\include\10.0.26100.0\\um\utilapiset.h
Примечание: включение файла:     C:\Program Files (x86)\Windows Kits\10\\include\10.0.26100.0\\um\handleapi.h
Примечание: включение файла:     C:\Program Files (x86)\Windows Kits\10\\include\10.0.26100.0\\um\errhandlingapi.h
Примечание: включение файла:     C:\Program Files (x86)\Windows Kits\10\\include\10.0.26100.0\\um\fibersapi.h
Примечание: включение файла:     C:\Program Files (x86)\Windows Kits\10\\include\10.0.26100.0\\um\namedpipeapi.h
Примечание: включение файла:     C:\Program Files (x86)\Windows Kits\10\\include\10.0.26100.0\\um\profileapi.h
Примечание: включение файла:     C:\Program Files (x86)\Windows Kits\10\\include\10.0.26100.0\\um\heapapi.h
Примечание: включение файла:     C:\Program Files (x86)\Windows Kits\10\\include\10.0.26100.0\\um\ioapiset.h
Примечание: включение файла:     C:\Program Files (x86)\Windows Kits\10\\include\10.0.26100.0\\um\synchapi.h
Примечание: включение файла:     C:\Program Files (x86)\Windows Kits\10\\include\10.0.26100.0\\um\interlockedapi.h
Примечание: включение файла:     C:\Program Files (x86)\Windows Kits\10\\include\10.0.26100.0\\um\processthreadsapi.h
Примечание: включение файла:     C:\Program Files (x86)\Windows Kits\10\\include\10.0.26100.0\\um\sysinfoapi.h
Примечание: включение файла:     C:\Program Files (x86)\Windows Kits\10\\include\10.0.26100.0\\um\memoryapi.h
Примечание: включение файла:     C:\Program Files (x86)\Windows Kits\10\\include\10.0.26100.0\\um\enclaveapi.h
Примечание: включение файла:     C:\Program Files (x86)\Windows Kits\10\\include\10.0.26100.0\\um\threadpoollegacyapiset.h
Примечание: включение файла:     C:\Program Files (x86)\Windows Kits\10\\include\10.0.26100.0\\um\threadpoolapiset.h
Примечание: включение файла:     C:\Program Files (x86)\Windows Kits\10\\include\10.0.26100.0\\um\jobapi.h
Примечание: включение файла:     C:\Program Files (x86)\Windows Kits\10\\include\10.0.26100.0\\um\jobapi2.h
Примечание: включение файла:     C:\Program Files (x86)\Windows Kits\10\\include\10.0.26100.0\\um\wow64apiset.h
Примечание: включение файла:     C:\Program Files (x86)\Windows Kits\10\\include\10.0.26100.0\\um\libloaderapi.h
Примечание: включение файла:     C:\Program Files (x86)\Windows Kits\10\\include\10.0.26100.0\\um\securitybaseapi.h
Примечание: включение файла:     C:\Program Files (x86)\Windows Kits\10\\include\10.0.26100.0\\um\namespaceapi.h
Примечание: включение файла:     C:\Program Files (x86)\Windows Kits\10\\include\10.0.26100.0\\um\systemtopologyapi.h
Примечание: включение файла:     C:\Program Files (x86)\Windows Kits\10\\include\10.0.26100.0\\um\processtopologyapi.h
Примечание: включение файла:     C:\Program Files (x86)\Windows Kits\10\\include\10.0.26100.0\\um\securityappcontainer.h
Примечание: включение файла:     C:\Program Files (x86)\Windows Kits\10\\include\10.0.26100.0\\um\realtimeapiset.h
Примечание: включение файла:     C:\Program Files (x86)\Windows Kits\10\\include\10.0.26100.0\\shared\winerror.h
Примечание: включение файла:     C:\Program Files (x86)\Windows Kits\10\\include\10.0.26100.0\\um\timezoneapi.h
Примечание: включение файла:    C:\Program Files (x86)\Windows Kits\10\\include\10.0.26100.0\\um\wingdi.h
Примечание: включение файла:     C:\Program Files (x86)\Windows Kits\10\\include\10.0.26100.0\\shared\pshpack1.h
Примечание: включение файла:     C:\Program Files (x86)\Windows Kits\10\\include\10.0.26100.0\\shared\poppack.h
Примечание: включение файла:     C:\Program Files (x86)\Windows Kits\10\\include\10.0.26100.0\\shared\pshpack2.h
Примечание: включение файла:     C:\Program Files (x86)\Windows Kits\10\\include\10.0.26100.0\\shared\poppack.h
Примечание: включение файла:     C:\Program Files (x86)\Windows Kits\10\\include\10.0.26100.0\\shared\pshpack2.h
Примечание: включение файла:     C:\Program Files (x86)\Windows Kits\10\\include\10.0.26100.0\\shared\poppack.h
Примечание: включение файла:     C:\Program Files (x86)\Windows Kits\10\\include\10.0.26100.0\\shared\pshpack4.h
Примечание: включение файла:     C:\Program Files (x86)\Windows Kits\10\\include\10.0.26100.0\\shared\poppack.h
Примечание: включение файла:     C:\Program Files (x86)\Windows Kits\10\\include\10.0.26100.0\\shared\pshpack4.h
Примечание: включение файла:     C:\Program Files (x86)\Windows Kits\10\\include\10.0.26100.0\\shared\poppack.h
Примечание: включение файла:    C:\Program Files (x86)\Windows Kits\10\\include\10.0.26100.0\\um\winuser.h
Примечание: включение файла:     C:\Program Files (x86)\Windows Kits\10\\include\10.0.26100.0\\shared\pshpack2.h
Примечание: включение файла:     C:\Program Files (x86)\Windows Kits\10\\include\10.0.26100.0\\shared\poppack.h
Примечание: включение файла:     C:\Program Files (x86)\Windows Kits\10\\include\10.0.26100.0\\shared\tvout.h
Примечание: включение файла:    C:\Program Files (x86)\Windows Kits\10\\include\10.0.26100.0\\um\winnls.h
Примечание: включение файла:     C:\Program Files (x86)\Windows Kits\10\\include\10.0.26100.0\\um\datetimeapi.h
Примечание: включение файла:     C:\Program Files (x86)\Windows Kits\10\\include\10.0.26100.0\\um\stringapiset.h
Примечание: включение файла:      C:\Program Files (x86)\Windows Kits\10\\include\10.0.26100.0\\um\winnls.h
Примечание: включение файла:    C:\Program Files (x86)\Windows Kits\10\\include\10.0.26100.0\\um\wincon.h
Примечание: включение файла:     C:\Program Files (x86)\Windows Kits\10\\include\10.0.26100.0\\um\wincontypes.h
Примечание: включение файла:     C:\Program Files (x86)\Windows Kits\10\\include\10.0.26100.0\\um\consoleapi.h
Примечание: включение файла:     C:\Program Files (x86)\Windows Kits\10\\include\10.0.26100.0\\um\consoleapi2.h
Примечание: включение файла:     C:\Program Files (x86)\Windows Kits\10\\include\10.0.26100.0\\um\consoleapi3.h
Примечание: включение файла:    C:\Program Files (x86)\Windows Kits\10\\include\10.0.26100.0\\um\winver.h
Примечание: включение файла:     C:\Program Files (x86)\Windows Kits\10\\include\10.0.26100.0\\um\verrsrc.h
Примечание: включение файла:    C:\Program Files (x86)\Windows Kits\10\\include\10.0.26100.0\\um\winreg.h
Примечание: включение файла:     C:\Program Files (x86)\Windows Kits\10\\include\10.0.26100.0\\um\reason.h
Примечание: включение файла:    C:\Program Files (x86)\Windows Kits\10\\include\10.0.26100.0\\um\winnetwk.h
Примечание: включение файла:     C:\Program Files (x86)\Windows Kits\10\\include\10.0.26100.0\\shared\wnnc.h
Примечание: включение файла:    C:\Program Files (x86)\Windows Kits\10\\include\10.0.26100.0\\shared\stralign.h
Примечание: включение файла:    C:\Program Files (x86)\Windows Kits\10\\include\10.0.26100.0\\um\winsvc.h
Примечание: включение файла:    C:\Program Files (x86)\Windows Kits\10\\include\10.0.26100.0\\um\mcx.h
Примечание: включение файла:    C:\Program Files (x86)\Windows Kits\10\\include\10.0.26100.0\\um\imm.h
Примечание: включение файла:     C:\Program Files (x86)\Windows Kits\10\\include\10.0.26100.0\\um\ime_cmodes.h
Примечание: включение файла:   C:\Program Files (x86)\Windows Kits\10\\include\10.0.26100.0\\shared\ws2def.h
Примечание: включение файла:    C:\Program Files (x86)\Windows Kits\10\\include\10.0.26100.0\\shared\inaddr.h
Примечание: включение файла:   C:\Program Files (x86)\Windows Kits\10\\include\10.0.26100.0\\shared\qos.h
Примечание: включение файла:  C:\Program Files (x86)\Windows Kits\10\\include\10.0.26100.0\\um\ws2tcpip.h
Примечание: включение файла:   C:\Program Files (x86)\Windows Kits\10\\include\10.0.26100.0\\shared\ws2ipdef.h
Примечание: включение файла:    C:\Program Files (x86)\Windows Kits\10\\include\10.0.26100.0\\shared\in6addr.h
Примечание: включение файла:   C:\Program Files (x86)\Microsoft Visual Studio\18\BuildTools\VC\Tools\MSVC\14.50.35717\include\limits.h
Примечание: включение файла:  C:\Program Files (x86)\Windows Kits\10\\include\10.0.26100.0\\um\psapi.h
Примечание: включение файла:  C:\Program Files (x86)\Microsoft Visual Studio\18\BuildTools\VC\Tools\MSVC\14.50.35717\include\chrono
Примечание: включение файла:   C:\Program Files (x86)\Microsoft Visual Studio\18\BuildTools\VC\Tools\MSVC\14.50.35717\include\yvals_core.h
Примечание: включение файла:    C:\Program Files (x86)\Microsoft Visual Studio\18\BuildTools\VC\Tools\MSVC\14.50.35717\include\xkeycheck.h
Примечание: включение файла:   C:\Program Files (x86)\Microsoft Visual Studio\18\BuildTools\VC\Tools\MSVC\14.50.35717\include\__msvc_chrono.hpp
Примечание: включение файла:    C:\Program Files (x86)\Microsoft Visual Studio\18\BuildTools\VC\Tools\MSVC\14.50.35717\include\yvals.h
Примечание: включение файла:     C:\Program Files (x86)\Windows Kits\10\include\10.0.26100.0\ucrt\crtdbg.h
Примечание: включение файла:      C:\Program Files (x86)\Microsoft Visual Studio\18\BuildTools\VC\Tools\MSVC\14.50.35717\include\vcruntime_new_debug.h
Примечание: включение файла:       C:\Program Files (x86)\Microsoft Visual Studio\18\BuildTools\VC\Tools\MSVC\14.50.35717\include\vcruntime_new.h
Примечание: включение файла:     C:\Program Files (x86)\Microsoft Visual Studio\18\BuildTools\VC\Tools\MSVC\14.50.35717\include\crtdefs.h
Примечание: включение файла:     C:\Program Files (x86)\Microsoft Visual Studio\18\BuildTools\VC\Tools\MSVC\14.50.35717\include\use_ansi.h
Примечание: включение файла:    C:\Program Files (x86)\Microsoft Visual Studio\18\BuildTools\VC\Tools\MSVC\14.50.35717\include\ctime
Примечание: включение файла:     C:\Program Files (x86)\Windows Kits\10\include\10.0.26100.0\ucrt\time.h
Примечание: включение файла:      C:\Program Files (x86)\Windows Kits\10\include\10.0.26100.0\ucrt\corecrt_wtime.h
Примечание: включение файла:    C:\Program Files (x86)\Microsoft Visual Studio\18\BuildTools\VC\Tools\MSVC\14.50.35717\include\limits
Примечание: включение файла:     C:\Program Files (x86)\Microsoft Visual Studio\18\BuildTools\VC\Tools\MSVC\14.50.35717\include\cfloat
Примечание: включение файла:      C:\Program Files (x86)\Windows Kits\10\include\10.0.26100.0\ucrt\float.h
Примечание: включение файла:     C:\Program Files (x86)\Microsoft Visual Studio\18\BuildTools\VC\Tools\MSVC\14.50.35717\include\climits
Примечание: включение файла:     C:\Program Files (x86)\Microsoft Visual Studio\18\BuildTools\VC\Tools\MSVC\14.50.35717\include\cwchar
Примечание: включение файла:      C:\Program Files (x86)\Microsoft Visual Studio\18\BuildTools\VC\Tools\MSVC\14.50.35717\include\cstdio
Примечание: включение файла:       C:\Program Files (x86)\Windows Kits\10\include\10.0.26100.0\ucrt\stdio.h
Примечание: включение файла:        C:\Program Files (x86)\Windows Kits\10\include\10.0.26100.0\ucrt\corecrt_wstdio.h
Примечание: включение файла:         C:\Program Files (x86)\Windows Kits\10\include\10.0.26100.0\ucrt\corecrt_stdio_config.h
Примечание: включение файла:      C:\Program Files (x86)\Windows Kits\10\include\10.0.26100.0\ucrt\wchar.h
Примечание: включение файла:       C:\Program Files (x86)\Windows Kits\10\include\10.0.26100.0\ucrt\corecrt_wconio.h
Примечание: включение файла:       C:\Program Files (x86)\Windows Kits\10\include\10.0.26100.0\ucrt\corecrt_wdirect.h
Примечание: включение файла:       C:\Program Files (x86)\Windows Kits\10\include\10.0.26100.0\ucrt\corecrt_wio.h
Примечание: включение файла:        C:\Program Files (x86)\Windows Kits\10\include\10.0.26100.0\ucrt\corecrt_share.h
Примечание: включение файла:       C:\Program Files (x86)\Windows Kits\10\include\10.0.26100.0\ucrt\corecrt_wprocess.h
Примечание: включение файла:       C:\Program Files (x86)\Windows Kits\10\include\10.0.26100.0\ucrt\corecrt_wstdlib.h
Примечание: включение файла:       C:\Program Files (x86)\Windows Kits\10\include\10.0.26100.0\ucrt\sys/stat.h
Примечание: включение файла:        C:\Program Files (x86)\Windows Kits\10\include\10.0.26100.0\ucrt\sys/types.h
Примечание: включение файла:       C:\Program Files (x86)\Microsoft Visual Studio\18\BuildTools\VC\Tools\MSVC\14.50.35717\include\intrin.h
Примечание: включение файла:        C:\Program Files (x86)\Microsoft Visual Studio\18\BuildTools\VC\Tools\MSVC\14.50.35717\include\intrin0.inl.h
Примечание: включение файла:        C:\Program Files (x86)\Microsoft Visual Studio\18\BuildTools\VC\Tools\MSVC\14.50.35717\include\setjmp.h
Примечание: включение файла:        C:\Program Files (x86)\Microsoft Visual Studio\18\BuildTools\VC\Tools\MSVC\14.50.35717\include\immintrin.h
Примечание: включение файла:         C:\Program Files (x86)\Microsoft Visual Studio\18\BuildTools\VC\Tools\MSVC\14.50.35717\include\wmmintrin.h
Примечание: включение файла:          C:\Program Files (x86)\Microsoft Visual Studio\18\BuildTools\VC\Tools\MSVC\14.50.35717\include\nmmintrin.h
Примечание: включение файла:           C:\Program Files (x86)\Microsoft Visual Studio\18\BuildTools\VC\Tools\MSVC\14.50.35717\include\smmintrin.h
Примечание: включение файла:            C:\Program Files (x86)\Microsoft Visual Studio\18\BuildTools\VC\Tools\MSVC\14.50.35717\include\tmmintrin.h
Примечание: включение файла:             C:\Program Files (x86)\Microsoft Visual Studio\18\BuildTools\VC\Tools\MSVC\14.50.35717\include\pmmintrin.h
Примечание: включение файла:              C:\Program Files (x86)\Microsoft Visual Studio\18\BuildTools\VC\Tools\MSVC\14.50.35717\include\emmintrin.h
Примечание: включение файла:               C:\Program Files (x86)\Microsoft Visual Studio\18\BuildTools\VC\Tools\MSVC\14.50.35717\include\xmmintrin.h
Примечание: включение файла:                C:\Program Files (x86)\Microsoft Visual Studio\18\BuildTools\VC\Tools\MSVC\14.50.35717\include\mmintrin.h
Примечание: включение файла:                C:\Program Files (x86)\Windows Kits\10\include\10.0.26100.0\ucrt\malloc.h
Примечание: включение файла:                 C:\Program Files (x86)\Windows Kits\10\include\10.0.26100.0\ucrt\corecrt_malloc.h
Примечание: включение файла:         C:\Program Files (x86)\Microsoft Visual Studio\18\BuildTools\VC\Tools\MSVC\14.50.35717\include\zmmintrin.h
Примечание: включение файла:        C:\Program Files (x86)\Microsoft Visual Studio\18\BuildTools\VC\Tools\MSVC\14.50.35717\include\ammintrin.h
Примечание: включение файла:     C:\Program Files (x86)\Microsoft Visual Studio\18\BuildTools\VC\Tools\MSVC\14.50.35717\include\xtr1common
Примечание: включение файла:     C:\Program Files (x86)\Microsoft Visual Studio\18\BuildTools\VC\Tools\MSVC\14.50.35717\include\intrin0.h
Примечание: включение файла:    C:\Program Files (x86)\Microsoft Visual Studio\18\BuildTools\VC\Tools\MSVC\14.50.35717\include\ratio
Примечание: включение файла:     C:\Program Files (x86)\Microsoft Visual Studio\18\BuildTools\VC\Tools\MSVC\14.50.35717\include\cstdint
Примечание: включение файла:      C:\Program Files (x86)\Microsoft Visual Studio\18\BuildTools\VC\Tools\MSVC\14.50.35717\include\stdint.h
Примечание: включение файла:     C:\Program Files (x86)\Microsoft Visual Studio\18\BuildTools\VC\Tools\MSVC\14.50.35717\include\type_traits
Примечание: включение файла:      C:\Program Files (x86)\Microsoft Visual Studio\18\BuildTools\VC\Tools\MSVC\14.50.35717\include\cstddef
Примечание: включение файла:       C:\Program Files (x86)\Windows Kits\10\include\10.0.26100.0\ucrt\stddef.h
Примечание: включение файла:    C:\Program Files (x86)\Microsoft Visual Studio\18\BuildTools\VC\Tools\MSVC\14.50.35717\include\utility
Примечание: включение файла:     C:\Program Files (x86)\Microsoft Visual Studio\18\BuildTools\VC\Tools\MSVC\14.50.35717\include\initializer_list
Примечание: включение файла:    C:\Program Files (x86)\Microsoft Visual Studio\18\BuildTools\VC\Tools\MSVC\14.50.35717\include\xtimec.h
Примечание: включение файла:   C:\Program Files (x86)\Microsoft Visual Studio\18\BuildTools\VC\Tools\MSVC\14.50.35717\include\system_error
Примечание: включение файла:    C:\Program Files (x86)\Microsoft Visual Studio\18\BuildTools\VC\Tools\MSVC\14.50.35717\include\__msvc_system_error_abi.hpp
Примечание: включение файла:    C:\Program Files (x86)\Microsoft Visual Studio\18\BuildTools\VC\Tools\MSVC\14.50.35717\include\cerrno
Примечание: включение файла:    C:\Program Files (x86)\Microsoft Visual Studio\18\BuildTools\VC\Tools\MSVC\14.50.35717\include\cstdlib
Примечание: включение файла:     C:\Program Files (x86)\Windows Kits\10\include\10.0.26100.0\ucrt\math.h
Примечание: включение файла:      C:\Program Files (x86)\Windows Kits\10\include\10.0.26100.0\ucrt\corecrt_math.h
Примечание: включение файла:     C:\Program Files (x86)\Windows Kits\10\include\10.0.26100.0\ucrt\stdlib.h
Примечание: включение файла:      C:\Program Files (x86)\Windows Kits\10\include\10.0.26100.0\ucrt\corecrt_search.h
Примечание: включение файла:    C:\Program Files (x86)\Microsoft Visual Studio\18\BuildTools\VC\Tools\MSVC\14.50.35717\include\stdexcept
Примечание: включение файла:     C:\Program Files (x86)\Microsoft Visual Studio\18\BuildTools\VC\Tools\MSVC\14.50.35717\include\exception
Примечание: включение файла:      C:\Program Files (x86)\Microsoft Visual Studio\18\BuildTools\VC\Tools\MSVC\14.50.35717\include\vcruntime_exception.h
Примечание: включение файла:       C:\Program Files (x86)\Microsoft Visual Studio\18\BuildTools\VC\Tools\MSVC\14.50.35717\include\eh.h
Примечание: включение файла:        C:\Program Files (x86)\Windows Kits\10\include\10.0.26100.0\ucrt\corecrt_terminate.h
Примечание: включение файла:     C:\Program Files (x86)\Microsoft Visual Studio\18\BuildTools\VC\Tools\MSVC\14.50.35717\include\xstring
Примечание: включение файла:      C:\Program Files (x86)\Microsoft Visual Studio\18\BuildTools\VC\Tools\MSVC\14.50.35717\include\__msvc_sanitizer_annotate_container.hpp
Примечание: включение файла:      C:\Program Files (x86)\Microsoft Visual Studio\18\BuildTools\VC\Tools\MSVC\14.50.35717\include\__msvc_string_view.hpp
Примечание: включение файла:       C:\Program Files (x86)\Microsoft Visual Studio\18\BuildTools\VC\Tools\MSVC\14.50.35717\include\iosfwd
Примечание: включение файла:        C:\Program Files (x86)\Microsoft Visual Studio\18\BuildTools\VC\Tools\MSVC\14.50.35717\include\cstring
Примечание: включение файла:       C:\Program Files (x86)\Microsoft Visual Studio\18\BuildTools\VC\Tools\MSVC\14.50.35717\include\xutility
Примечание: включение файла:        C:\Program Files (x86)\Microsoft Visual Studio\18\BuildTools\VC\Tools\MSVC\14.50.35717\include\__msvc_iter_core.hpp
Примечание: включение файла:      C:\Program Files (x86)\Microsoft Visual Studio\18\BuildTools\VC\Tools\MSVC\14.50.35717\include\xmemory
Примечание: включение файла:       C:\Program Files (x86)\Microsoft Visual Studio\18\BuildTools\VC\Tools\MSVC\14.50.35717\include\new
Примечание: включение файла:       C:\Program Files (x86)\Microsoft Visual Studio\18\BuildTools\VC\Tools\MSVC\14.50.35717\include\xatomic.h
Примечание: включение файла:      C:\Program Files (x86)\Microsoft Visual Studio\18\BuildTools\VC\Tools\MSVC\14.50.35717\include\xpolymorphic_allocator.h
Примечание: включение файла:       C:\Program Files (x86)\Microsoft Visual Studio\18\BuildTools\VC\Tools\MSVC\14.50.35717\include\tuple
Примечание: включение файла:    C:\Program Files (x86)\Microsoft Visual Studio\18\BuildTools\VC\Tools\MSVC\14.50.35717\include\xcall_once.h
Примечание: включение файла:    C:\Program Files (x86)\Microsoft Visual Studio\18\BuildTools\VC\Tools\MSVC\14.50.35717\include\xerrc.h
Примечание: включение файла:    C:\Program Files (x86)\Microsoft Visual Studio\18\BuildTools\VC\Tools\MSVC\14.50.35717\include\atomic
Примечание: включение файла:     C:\Program Files (x86)\Microsoft Visual Studio\18\BuildTools\VC\Tools\MSVC\14.50.35717\include\xthreads.h
Примечание: включение файла:      C:\Program Files (x86)\Microsoft Visual Studio\18\BuildTools\VC\Tools\MSVC\14.50.35717\include\__msvc_threads_core.hpp
Примечание: включение файла:   C:\Program Files (x86)\Microsoft Visual Studio\18\BuildTools\VC\Tools\MSVC\14.50.35717\include\xfilesystem_abi.h
Примечание: включение файла:  C:\Program Files (x86)\Microsoft Visual Studio\18\BuildTools\VC\Tools\MSVC\14.50.35717\include\algorithm
Примечание: включение файла:   C:\Program Files (x86)\Microsoft Visual Studio\18\BuildTools\VC\Tools\MSVC\14.50.35717\include\__msvc_heap_algorithms.hpp
Примечание: включение файла:   C:\Program Files (x86)\Microsoft Visual Studio\18\BuildTools\VC\Tools\MSVC\14.50.35717\include\__msvc_minmax.hpp
Примечание: включение файла:  C:\Program Files (x86)\Microsoft Visual Studio\18\BuildTools\VC\Tools\MSVC\14.50.35717\include\cstdarg
Примечание: включение файла:  C:\Program Files (x86)\Microsoft Visual Studio\18\BuildTools\VC\Tools\MSVC\14.50.35717\include\fstream
Примечание: включение файла:   C:\Program Files (x86)\Microsoft Visual Studio\18\BuildTools\VC\Tools\MSVC\14.50.35717\include\__msvc_filebuf.hpp
Примечание: включение файла:    C:\Program Files (x86)\Microsoft Visual Studio\18\BuildTools\VC\Tools\MSVC\14.50.35717\include\streambuf
Примечание: включение файла:     C:\Program Files (x86)\Microsoft Visual Studio\18\BuildTools\VC\Tools\MSVC\14.50.35717\include\xiosbase
Примечание: включение файла:      C:\Program Files (x86)\Windows Kits\10\include\10.0.26100.0\ucrt\share.h
Примечание: включение файла:      C:\Program Files (x86)\Microsoft Visual Studio\18\BuildTools\VC\Tools\MSVC\14.50.35717\include\xlocale
Примечание: включение файла:       C:\Program Files (x86)\Microsoft Visual Studio\18\BuildTools\VC\Tools\MSVC\14.50.35717\include\memory
Примечание: включение файла:        C:\Program Files (x86)\Microsoft Visual Studio\18\BuildTools\VC\Tools\MSVC\14.50.35717\include\typeinfo
Примечание: включение файла:         C:\Program Files (x86)\Microsoft Visual Studio\18\BuildTools\VC\Tools\MSVC\14.50.35717\include\vcruntime_typeinfo.h
Примечание: включение файла:       C:\Program Files (x86)\Microsoft Visual Studio\18\BuildTools\VC\Tools\MSVC\14.50.35717\include\xfacet
Примечание: включение файла:       C:\Program Files (x86)\Microsoft Visual Studio\18\BuildTools\VC\Tools\MSVC\14.50.35717\include\xlocinfo
Примечание: включение файла:        C:\Program Files (x86)\Microsoft Visual Studio\18\BuildTools\VC\Tools\MSVC\14.50.35717\include\__msvc_xlocinfo_types.hpp
Примечание: включение файла:        C:\Program Files (x86)\Microsoft Visual Studio\18\BuildTools\VC\Tools\MSVC\14.50.35717\include\cctype
Примечание: включение файла:        C:\Program Files (x86)\Microsoft Visual Studio\18\BuildTools\VC\Tools\MSVC\14.50.35717\include\clocale
Примечание: включение файла:         C:\Program Files (x86)\Windows Kits\10\include\10.0.26100.0\ucrt\locale.h
Примечание: включение файла:   C:\Program Files (x86)\Microsoft Visual Studio\18\BuildTools\VC\Tools\MSVC\14.50.35717\include\istream
Примечание: включение файла:    C:\Program Files (x86)\Microsoft Visual Studio\18\BuildTools\VC\Tools\MSVC\14.50.35717\include\__msvc_ostream.hpp
Примечание: включение файла:     C:\Program Files (x86)\Microsoft Visual Studio\18\BuildTools\VC\Tools\MSVC\14.50.35717\include\ios
Примечание: включение файла:      C:\Program Files (x86)\Microsoft Visual Studio\18\BuildTools\VC\Tools\MSVC\14.50.35717\include\xlocnum
Примечание: включение файла:       C:\Program Files (x86)\Microsoft Visual Studio\18\BuildTools\VC\Tools\MSVC\14.50.35717\include\cmath
Примечание: включение файла:       C:\Program Files (x86)\Microsoft Visual Studio\18\BuildTools\VC\Tools\MSVC\14.50.35717\include\iterator
Примечание: включение файла:  C:\Program Files (x86)\Microsoft Visual Studio\18\BuildTools\VC\Tools\MSVC\14.50.35717\include\mutex
Примечание: включение файла:   C:\Program Files (x86)\Microsoft Visual Studio\18\BuildTools\VC\Tools\MSVC\14.50.35717\include\thread
Примечание: включение файла:    C:\Program Files (x86)\Windows Kits\10\include\10.0.26100.0\ucrt\process.h
Примечание: включение файла:     C:\Program Files (x86)\Windows Kits\10\include\10.0.26100.0\ucrt\corecrt_startup.h
Примечание: включение файла:      C:\Program Files (x86)\Windows Kits\10\include\10.0.26100.0\ucrt\math.h
Примечание: включение файла:      C:\Program Files (x86)\Microsoft Visual Studio\18\BuildTools\VC\Tools\MSVC\14.50.35717\include\vcruntime_startup.h
Примечание: включение файла:  C:\Program Files (x86)\Microsoft Visual Studio\18\BuildTools\VC\Tools\MSVC\14.50.35717\include\string
Примечание: включение файла:  C:\Program Files (x86)\Microsoft Visual Studio\18\BuildTools\VC\Tools\MSVC\14.50.35717\include\unordered_map
Примечание: включение файла:   C:\Program Files (x86)\Microsoft Visual Studio\18\BuildTools\VC\Tools\MSVC\14.50.35717\include\xhash
Примечание: включение файла:    C:\Program Files (x86)\Microsoft Visual Studio\18\BuildTools\VC\Tools\MSVC\14.50.35717\include\list
Примечание: включение файла:    C:\Program Files (x86)\Microsoft Visual Studio\18\BuildTools\VC\Tools\MSVC\14.50.35717\include\vector
Примечание: включение файла:     C:\Program Files (x86)\Microsoft Visual Studio\18\BuildTools\VC\Tools\MSVC\14.50.35717\include\__msvc_bit_utils.hpp
Примечание: включение файла:    C:\Program Files (x86)\Microsoft Visual Studio\18\BuildTools\VC\Tools\MSVC\14.50.35717\include\xbit_ops.h
Примечание: включение файла:    C:\Program Files (x86)\Microsoft Visual Studio\18\BuildTools\VC\Tools\MSVC\14.50.35717\include\xnode_handle.h
Примечание: включение файла:  C:\Users\Noesis\Desktop\www\tds_plus\backend_api.hpp
C:\Users\Noesis\Desktop\www\tds_plus\tds_plus.cpp(406): warning C4244: =: преобразование "int" в "_Elem", возможна потеря данных
        with
        [
            _Elem=char
        ]
C:\Users\Noesis\Desktop\www\tds_plus\tds_plus.cpp(450): warning C4244: =: преобразование "int" в "_Elem", возможна потеря данных
        with
        [
            _Elem=char
        ]
C:\Users\Noesis\Desktop\www\tds_plus\tds_plus.cpp(463): warning C4244: =: преобразование "int" в "_Elem", возможна потеря данных
        with
        [
            _Elem=char
        ]
C:\Users\Noesis\Desktop\www\tds_plus\tds_plus.cpp(502): warning C4244: =: преобразование "int" в "_Elem", возможна потеря данных
        with
        [
            _Elem=char
        ]
C:\Users\Noesis\Desktop\www\tds_plus\tds_plus.cpp(914): warning C4456: объявление "it" скрывает предыдущее локальное объявление
C:\Users\Noesis\Desktop\www\tds_plus\tds_plus.cpp(912): note:  см. объявление "it"
C:\Users\Noesis\Desktop\www\tds_plus\tds_plus.cpp(1000): warning C4456: объявление "it" скрывает предыдущее локальное объявление
C:\Users\Noesis\Desktop\www\tds_plus\tds_plus.cpp(992): note:  см. объявление "it"
[5/6] Linking CXX executable tds_plus_qt.exe
[6/6] Linking CXX executable tds_plus_ui_test.exe
Warning: Translations will not be available due to the following error.
Cannot open C:/Users/Noesis/Desktop/www/.deps/Qt/6.10.3/msvc2022_64/translations/catalogs.json
Warning: Cannot find any version of the dxcompiler.dll and dxil.dll.
Ready: C:\Users\Noesis\Desktop\www\tds_plus\qt_app\tds_plus_qt.exe
